
[1m[46m RUN [49m[22m [36mv4.1.1 [39m[90mC:/Users/KORISNIK/Documents/App/backend[39m

[90mstdout[2m | __tests__/security.test.js
[22m[39m[dotenv@17.3.1] injecting env (12) from .env -- tip: ÔÜÖ´ŞĆ  enable debug logging with { debug: true }

 [31mÔŁ»[39m __tests__/security.test.js [2m([22m[2m0 test[22m[2m)[22m
node.exe : 
At line:1 char:1
+ & "C:\Program Files\n
odejs/node.exe" "C:\Pro
gram Files\nodejs/node_
mo ...
+ ~~~~~~~~~~~~~~~~~~~~~
~~~~~~~~~~~~~~~~~~~~~~~
~~~~~~~~~~~~~~~~~~~~~~~
~~
    + CategoryInfo     
         : NotSpecifi  
  ed: (:String) [],    
 RemoteException
    + FullyQualifiedEr 
   rorId : NativeComm  
  andError
 
[31mÔÄ»ÔÄ»ÔÄ»ÔÄ»ÔÄ»ÔÄ»
[39m[1m[41m Failed S
uites 1 [49m[22m[31m
ÔÄ»ÔÄ»ÔÄ»ÔÄ»ÔÄ»ÔÄ»ÔÄ»[
39m

[41m[1m FAIL [22m[4
9m __tests__/security.t
est.js[2m [ __tests__/
security.test.js ][22m
[31m[1mError[22m: Ca
nnot find package 'node
-cron' imported from C:
/Users/KORISNIK/Documen
ts/App/backend/workers/
reminderWorker.js[39m
[36m [2mÔŁ»[22m work
ers/reminderWorker.js:
[2m1:1[22m[39m
    [90m  1|[39m [35
mimport[39m cron [35m
from[39m [32m'node-cr
on'[39m[33m;[39m
    [90m   |[39m [31
m^[39m
    [90m  2|[39m [35
mimport[39m pool [35m
from[39m [32m'../conf
ig/database.js'[39m[3
3m;[39m
    [90m  3|[39m [35
mimport[39m [33mNotif
icationService[39m [3
5mfrom[39m [32m'../se
rvices/NotificationServ
ice.js'[39m[33m;[39m
[90m [2mÔŁ»[22m app.
js:[2m13:1[22m[39m

[31m[2mÔÄ»ÔÄ»ÔÄ»ÔÄ»ÔÄ
»ÔÄ»ÔÄ»ÔÄ»ÔÄ»ÔÄ»ÔÄ»ÔÄ»Ô
Ä»ÔÄ»ÔÄ»ÔÄ»ÔÄ»ÔÄ»ÔÄ»ÔÄ»
ÔÄ»ÔÄ»ÔÄ»ÔÄ»[1/1]ÔÄ»[2
2m[39m


[2m Test Files [22m [1m[31m1 failed[39m[22m[90m (1)[39m
[2m      Tests [22m [2mno tests[22m
[2m   Start at [22m 20:16:33
[2m   Duration [22m 1.19s[2m (transform 488ms, setup 0ms, import 0ms, tests 0ms, environment 0ms)[22m

